// Vitest Snapshot v1, https://vitest.dev/guide/snapshot.html

exports[`<Title> > should render the default component with custom text 1`] = `
<div>
  <h2
    class="slm-title --red"
  >
    Custom Title
  </h2>
</div>
`;

exports[`<Title> > should render the default component with custom text and custom class 1`] = `
<div>
  <h1
    class="slm-title p-4 --gray"
  >
    Custom title
  </h1>
</div>
`;
